warning: Using incompatible environment (`/venv/main`) due to `--no-sync` (The project environment's Python version does not satisfy the request: `Python 3.11`)
SUPERVISOR_START time=2026-06-22T06:17:50+00:00 run_dir=/dev/shm/intelligent_liars_activation/runs/full-run-20260622T061750Z/run workers=8
STATUS time=2026-06-22T06:17:50+00:00 alive=8 pending=61 running=0 done=0 failed=0
0, 0, 81920, 0
1, 0, 81920, 0
2, 0, 81920, 0
3, 0, 81920, 0
4, 0, 81920, 0
5, 0, 81920, 0
6, 0, 81920, 0
7, 0, 81920, 0
STATUS time=2026-06-22T06:18:05+00:00 alive=8 pending=53 running=8 done=0 failed=0
0, 18297, 81920, 67
1, 18101, 81920, 67
2, 17905, 81920, 78
3, 18793, 81920, 71
4, 18533, 81920, 68
5, 17831, 81920, 71
6, 17241, 81920, 0
7, 18083, 81920, 76
STATUS time=2026-06-22T06:18:20+00:00 alive=8 pending=53 running=8 done=0 failed=0
0, 18297, 81920, 0
1, 18101, 81920, 0
2, 17905, 81920, 0
3, 19697, 81920, 0
4, 18533, 81920, 0
5, 17831, 81920, 0
6, 18095, 81920, 0
7, 18459, 81920, 0
STATUS time=2026-06-22T06:18:35+00:00 alive=8 pending=51 running=8 done=2 failed=0
0, 18297, 81920, 0
1, 18101, 81920, 0
2, 17905, 81920, 0
3, 19697, 81920, 0
4, 18533, 81920, 0
5, 17831, 81920, 0
6, 18493, 81920, 0
7, 18459, 81920, 0
STATUS time=2026-06-22T06:18:50+00:00 alive=8 pending=45 running=8 done=8 failed=0
0, 18297, 81920, 0
1, 18477, 81920, 0
2, 17905, 81920, 0
3, 19697, 81920, 0
4, 19929, 81920, 0
5, 18221, 81920, 0
6, 18493, 81920, 0
7, 18855, 81920, 0
STATUS time=2026-06-22T06:19:05+00:00 alive=8 pending=42 running=8 done=11 failed=0
0, 18297, 81920, 0
1, 18477, 81920, 0
2, 19533, 81920, 90
3, 19697, 81920, 0
4, 19929, 81920, 0
5, 18221, 81920, 0
6, 18493, 81920, 0
7, 18855, 81920, 0
STATUS time=2026-06-22T06:19:21+00:00 alive=8 pending=35 running=8 done=18 failed=0
0, 18297, 81920, 0
1, 18477, 81920, 0
2, 19533, 81920, 0
3, 19697, 81920, 0
4, 19929, 81920, 54
5, 18221, 81920, 0
6, 18493, 81920, 0
7, 18855, 81920, 0
STATUS time=2026-06-22T06:19:36+00:00 alive=8 pending=25 running=8 done=28 failed=0
0, 18297, 81920, 0
1, 18477, 81920, 0
2, 19533, 81920, 0
3, 19697, 81920, 0
4, 19929, 81920, 0
5, 18221, 81920, 0
6, 18493, 81920, 0
7, 18855, 81920, 0
STATUS time=2026-06-22T06:19:51+00:00 alive=8 pending=18 running=8 done=35 failed=0
0, 18297, 81920, 0
1, 18477, 81920, 0
2, 19533, 81920, 0
3, 19697, 81920, 0
4, 19929, 81920, 0
5, 18221, 81920, 0
6, 18493, 81920, 0
7, 18855, 81920, 0
STATUS time=2026-06-22T06:20:06+00:00 alive=8 pending=8 running=8 done=45 failed=0
0, 18301, 81920, 0
1, 18477, 81920, 0
2, 19533, 81920, 0
3, 19701, 81920, 0
4, 19933, 81920, 0
5, 18221, 81920, 0
6, 18493, 81920, 0
7, 18855, 81920, 0
STATUS time=2026-06-22T06:20:21+00:00 alive=8 pending=0 running=6 done=55 failed=0
0, 18301, 81920, 0
1, 18481, 81920, 0
2, 19533, 81920, 0
3, 19701, 81920, 0
4, 19933, 81920, 0
5, 18225, 81920, 0
6, 18497, 81920, 0
7, 18859, 81920, 0
STATUS time=2026-06-22T06:20:36+00:00 alive=8 pending=0 running=0 done=61 failed=0
0, 18301, 81920, 0
1, 18481, 81920, 0
2, 19533, 81920, 0
3, 19701, 81920, 0
4, 19933, 81920, 0
5, 18225, 81920, 0
6, 18497, 81920, 0
7, 18859, 81920, 0
MERGE_DONE time=2026-06-22T06:35:18+00:00 output=/dev/shm/intelligent_liars_activation/results/extracted_feats_all_layers_qwen3-vl-8b-thinking.h5 tasks={"roleplaying__plain": 329, "sandbagging_v2__wmdp_mmlu": 128}
SUPERVISOR_DONE time=2026-06-22T06:35:18+00:00
